// Jest Snapshot v1, https://goo.gl/fbAQLP

exports[`renders without crashing 1`] = `
<Fragment>
  <Suspense
    fallback={
      <div>
        Loading...
      </div>
    }
  >
    <PageHeader />
    <div
      className="movie-listing"
    >
      <lazy
        id="populares-en-taquilla"
        key="1"
      />
      <lazy
        id="estrenos-para-toda-la-familia"
        key="2"
      />
      <lazy
        id="estrenos-imprescindibles-en-taquilla"
        key="3"
      />
      <lazy
        id="estrenos-espanoles"
        key="4"
      />
      <lazy
        id="si-te-perdiste"
        key="5"
      />
      <lazy
        id="nuestras-preferidas-de-la-semana"
        key="6"
      />
    </div>
  </Suspense>
</Fragment>
`;
