// Jest Snapshot v1, https://goo.gl/fbAQLP

exports[`getCachedApiResponseMiddleware should get the response from session storage 1`] = `
[MockFunction] {
  "calls": Array [
    Array [
      Object {
        "@@redux-api-middleware/RSAA": Object {
          "endpoint": "test/RSAA",
          "types": Array [
            "GET_MOVIE_LIST_BY_CATEGORY_SUCCESS",
          ],
        },
      },
    ],
  ],
  "results": Array [
    Object {
      "type": "return",
      "value": undefined,
    },
  ],
}
`;
